1
0.000000
0

1
0.000000
1
1.000000 1.000000 1.000000 0 0

6
2.545584
2
1.000000 1.000000 1.000000 0 0
1.000000 1.500000 1.500000 0 0

3
3.600000
2
1.000000 1.000000 1.000000 0 0
0.000000 1.000000 1.000000 0 0

12
4.409082
2
1.000000 1.000000 1.000000 0 0
1.500000 0.000000 1.500000 0 0

6
5.091169
2
1.000000 1.000000 1.000000 0 0
0.000000 -0.000000 1.000000 0 0

12
5.692100
2
1.000000 1.000000 1.000000 0 0
0.500000 1.000000 2.500000 0 0

4
6.235383
2
1.000000 1.000000 1.000000 0 0
-0.000000 2.000000 0.000000 0 0

24
6.734983
2
1.000000 1.000000 1.000000 0 0
0.000000 0.500000 2.500000 0 0

3
7.200000
2
1.000000 1.000000 1.000000 0 0
-1.000000 1.000000 1.000000 0 0

6
7.636753
2
1.000000 1.000000 1.000000 0 0
1.000000 -0.500000 2.500000 0 0

12
7.636753
2
1.000000 1.000000 1.000000 0 0
-1.000000 1.500000 1.500000 0 0

12
8.049845
2
1.000000 1.000000 1.000000 0 0
0.000000 1.000000 3.000000 0 0

12
8.442748
2
1.000000 1.000000 1.000000 0 0
2.500000 2.500000 2.000000 0 0

12
8.818163
2
1.000000 1.000000 1.000000 0 0
-1.000000 -0.000000 2.000000 0 0

24
9.178235
2
1.000000 1.000000 1.000000 0 0
-0.500000 0.500000 3.000000 0 0

12
9.178235
2
1.000000 1.000000 1.000000 0 0
-1.500000 0.500000 1.000000 0 0

24
9.859006
2
1.000000 1.000000 1.000000 0 0
1.500000 -0.000000 3.500000 0 0

6
10.182338
2
1.000000 1.000000 1.000000 0 0
1.000000 -1.000000 3.000000 0 0

12
10.495713
2
1.000000 1.000000 1.000000 0 0
-0.500000 1.000000 3.500000 0 0

12
10.495713
2
1.000000 1.000000 1.000000 0 0
2.500000 2.500000 3.000000 0 0

12
10.800000
2
1.000000 1.000000 1.000000 0 0
-1.000000 -0.000000 3.000000 0 0

3
10.800000
2
1.000000 1.000000 1.000000 0 0
-2.000000 1.000000 1.000000 0 0

12
11.095945
2
1.000000 1.000000 1.000000 0 0
4.000000 0.500000 1.500000 0 0

24
11.095945
2
1.000000 1.000000 1.000000 0 0
2.500000 -0.000000 3.500000 0 0

12
11.384200
2
1.000000 1.000000 1.000000 0 0
4.000000 -0.000000 1.000000 0 0

8
2.545584
3
1.000000 1.000000 1.000000 0 0
1.500000 1.000000 1.500000 0 0
1.000000 0.500000 1.500000 0 0

12
3.600000
3
1.000000 1.000000 1.000000 0 0
0.500000 0.500000 1.000000 0 0
0.000000 1.000000 1.000000 0 0

24
4.409082
3
1.000000 1.000000 1.000000 0 0
1.000000 0.500000 1.500000 0 0
1.500000 0.000000 1.500000 0 0

24
4.409082
3
1.000000 1.000000 1.000000 0 0
1.500000 1.000000 1.500000 0 0
1.500000 0.000000 1.500000 0 0

24
4.409082
3
1.000000 1.000000 1.000000 0 0
0.500000 0.500000 1.000000 0 0
1.500000 0.000000 1.500000 0 0

24
4.409082
3
1.000000 1.000000 1.000000 0 0
2.000000 1.000000 1.000000 0 0
1.500000 0.000000 1.500000 0 0

8
4.409082
3
1.000000 1.000000 1.000000 0 0
0.500000 0.500000 2.000000 0 0
1.500000 0.000000 1.500000 0 0

48
5.091169
3
1.000000 1.000000 1.000000 0 0
1.000000 0.500000 1.500000 0 0
0.000000 -0.000000 1.000000 0 0

6
5.091169
3
1.000000 1.000000 1.000000 0 0
0.500000 0.500000 1.000000 0 0
0.000000 -0.000000 1.000000 0 0

12
5.091169
3
1.000000 1.000000 1.000000 0 0
0.000000 1.000000 1.000000 0 0
0.000000 -0.000000 1.000000 0 0

12
5.091169
3
1.000000 1.000000 1.000000 0 0
0.500000 0.500000 2.000000 0 0
0.000000 -0.000000 1.000000 0 0

8
5.091169
3
1.000000 1.000000 1.000000 0 0
0.000000 1.000000 2.000000 0 0
0.000000 -0.000000 1.000000 0 0

48
5.692100
3
1.000000 1.000000 1.000000 0 0
1.000000 0.500000 1.500000 0 0
0.500000 1.000000 2.500000 0 0

24
5.692100
3
1.000000 1.000000 1.000000 0 0
1.500000 1.000000 1.500000 0 0
0.500000 1.000000 2.500000 0 0

24
5.692100
3
1.000000 1.000000 1.000000 0 0
0.500000 0.500000 1.000000 0 0
0.500000 1.000000 2.500000 0 0

24
5.692100
3
1.000000 1.000000 1.000000 0 0
0.500000 1.000000 1.500000 0 0
0.500000 1.000000 2.500000 0 0

12
5.692100
3
1.000000 1.000000 1.000000 0 0
0.000000 1.000000 1.000000 0 0
0.500000 1.000000 2.500000 0 0

48
5.692100
3
1.000000 1.000000 1.000000 0 0
0.000000 0.500000 1.500000 0 0
0.500000 1.000000 2.500000 0 0

48
5.692100
3
1.000000 1.000000 1.000000 0 0
0.500000 -0.000000 1.500000 0 0
0.500000 1.000000 2.500000 0 0

12
5.692100
3
1.000000 1.000000 1.000000 0 0
2.000000 1.000000 2.000000 0 0
0.500000 1.000000 2.500000 0 0

24
6.235383
3
1.000000 1.000000 1.000000 0 0
0.500000 1.500000 1.000000 0 0
-0.000000 2.000000 0.000000 0 0

24
6.235383
3
1.000000 1.000000 1.000000 0 0
0.000000 1.000000 1.000000 0 0
-0.000000 2.000000 0.000000 0 0

48
6.235383
3
1.000000 1.000000 1.000000 0 0
0.000000 0.500000 0.500000 0 0
-0.000000 2.000000 0.000000 0 0

48
6.734983
3
1.000000 1.000000 1.000000 0 0
1.000000 0.500000 1.500000 0 0
0.000000 0.500000 2.500000 0 0

48
6.734983
3
1.000000 1.000000 1.000000 0 0
1.000000 1.500000 1.500000 0 0
0.000000 0.500000 2.500000 0 0

24
6.734983
3
1.000000 1.000000 1.000000 0 0
1.500000 1.000000 1.500000 0 0
0.000000 0.500000 2.500000 0 0

48
6.734983
3
1.000000 1.000000 1.000000 0 0
0.500000 0.500000 1.000000 0 0
0.000000 0.500000 2.500000 0 0

48
6.734983
3
1.000000 1.000000 1.000000 0 0
0.500000 1.000000 1.500000 0 0
0.000000 0.500000 2.500000 0 0

24
6.734983
3
1.000000 1.000000 1.000000 0 0
0.500000 1.500000 1.000000 0 0
0.000000 0.500000 2.500000 0 0

48
6.734983
3
1.000000 1.000000 1.000000 0 0
0.000000 1.000000 1.000000 0 0
0.000000 0.500000 2.500000 0 0

24
6.734983
3
1.000000 1.000000 1.000000 0 0
1.000000 -0.000000 1.000000 0 0
0.000000 0.500000 2.500000 0 0

48
6.734983
3
1.000000 1.000000 1.000000 0 0
1.000000 1.000000 2.000000 0 0
0.000000 0.500000 2.500000 0 0

24
6.734983
3
1.000000 1.000000 1.000000 0 0
1.500000 0.000000 1.500000 0 0
0.000000 0.500000 2.500000 0 0

48
6.734983
3
1.000000 1.000000 1.000000 0 0
0.500000 -0.000000 1.500000 0 0
0.000000 0.500000 2.500000 0 0

48
6.734983
3
1.000000 1.000000 1.000000 0 0
0.000000 1.500000 1.500000 0 0
0.000000 0.500000 2.500000 0 0

48
6.734983
3
1.000000 1.000000 1.000000 0 0
1.500000 0.500000 2.000000 0 0
0.000000 0.500000 2.500000 0 0

48
6.734983
3
1.000000 1.000000 1.000000 0 0
0.500000 2.000000 1.500000 0 0
0.000000 0.500000 2.500000 0 0

48
6.734983
3
1.000000 1.000000 1.000000 0 0
0.000000 -0.000000 1.000000 0 0
0.000000 0.500000 2.500000 0 0

24
6.734983
3
1.000000 1.000000 1.000000 0 0
1.000000 2.000000 2.000000 0 0
0.000000 0.500000 2.500000 0 0

48
6.734983
3
1.000000 1.000000 1.000000 0 0
1.500000 1.000000 2.500000 0 0
0.000000 0.500000 2.500000 0 0

48
6.734983
3
1.000000 1.000000 1.000000 0 0
-0.500000 1.500000 1.000000 0 0
0.000000 0.500000 2.500000 0 0

48
6.734983
3
1.000000 1.000000 1.000000 0 0
1.000000 -0.500000 1.500000 0 0
0.000000 0.500000 2.500000 0 0

16
6.734983
3
1.000000 1.000000 1.000000 0 0
-0.500000 2.000000 1.500000 0 0
0.000000 0.500000 2.500000 0 0

24
7.200000
3
1.000000 1.000000 1.000000 0 0
0.500000 0.500000 1.000000 0 0
-1.000000 1.000000 1.000000 0 0

3
7.200000
3
1.000000 1.000000 1.000000 0 0
0.000000 1.000000 1.000000 0 0
-1.000000 1.000000 1.000000 0 0

12
7.200000
3
1.000000 1.000000 1.000000 0 0
0.000000 0.500000 1.500000 0 0
-1.000000 1.000000 1.000000 0 0

48
7.200000
3
1.000000 1.000000 1.000000 0 0
0.500000 -0.000000 1.500000 0 0
-1.000000 1.000000 1.000000 0 0

12
7.200000
3
1.000000 1.000000 1.000000 0 0
0.000000 -0.000000 1.000000 0 0
-1.000000 1.000000 1.000000 0 0

12
7.200000
3
1.000000 1.000000 1.000000 0 0
-0.000000 2.000000 0.000000 0 0
-1.000000 1.000000 1.000000 0 0

24
7.200000
3
1.000000 1.000000 1.000000 0 0
0.000000 0.500000 2.500000 0 0
-1.000000 1.000000 1.000000 0 0

12
7.636753
3
1.000000 1.000000 1.000000 0 0
1.000000 0.500000 1.500000 0 0
1.000000 -0.500000 2.500000 0 0

48
7.636753
3
1.000000 1.000000 1.000000 0 0
1.500000 1.000000 1.500000 0 0
1.000000 -0.500000 2.500000 0 0

24
7.636753
3
1.000000 1.000000 1.000000 0 0
1.000000 -0.000000 1.000000 0 0
1.000000 -0.500000 2.500000 0 0

24
7.636753
3
1.000000 1.000000 1.000000 0 0
1.500000 0.000000 1.500000 0 0
1.000000 -0.500000 2.500000 0 0

24
7.636753
3
1.000000 1.000000 1.000000 0 0
0.000000 0.500000 1.500000 0 0
1.000000 -0.500000 2.500000 0 0

48
7.636753
3
1.000000 1.000000 1.000000 0 0
0.500000 -0.000000 0.500000 0 0
1.000000 -0.500000 2.500000 0 0

48
7.636753
3
1.000000 1.000000 1.000000 0 0
0.000000 -0.000000 1.000000 0 0
1.000000 -0.500000 2.500000 0 0

24
7.636753
3
1.000000 1.000000 1.000000 0 0
0.500000 1.000000 2.500000 0 0
1.000000 -0.500000 2.500000 0 0

24
7.636753
3
1.000000 1.000000 1.000000 0 0
1.000000 1.500000 2.500000 0 0
1.000000 -0.500000 2.500000 0 0

24
7.636753
3
1.000000 1.000000 1.000000 0 0
2.500000 0.000000 1.500000 0 0
1.000000 -0.500000 2.500000 0 0

8
7.636753
3
1.000000 1.000000 1.000000 0 0
2.500000 1.000000 2.500000 0 0
1.000000 -0.500000 2.500000 0 0

24
7.636753
3
1.000000 1.000000 1.000000 0 0
0.500000 1.500000 3.000000 0 0
1.000000 -0.500000 2.500000 0 0

24
7.636753
3
1.000000 1.000000 1.000000 0 0
1.000000 1.500000 1.500000 0 0
-1.000000 1.500000 1.500000 0 0

48
7.636753
3
1.000000 1.000000 1.000000 0 0
0.500000 0.500000 1.000000 0 0
-1.000000 1.500000 1.500000 0 0

48
7.636753
3
1.000000 1.000000 1.000000 0 0
0.500000 1.000000 1.500000 0 0
-1.000000 1.500000 1.500000 0 0

24
7.636753
3
1.000000 1.000000 1.000000 0 0
0.000000 1.000000 1.000000 0 0
-1.000000 1.500000 1.500000 0 0

24
7.636753
3
1.000000 1.000000 1.000000 0 0
1.000000 2.000000 1.000000 0 0
-1.000000 1.500000 1.500000 0 0

48
7.636753
3
1.000000 1.000000 1.000000 0 0
0.000000 0.500000 1.500000 0 0
-1.000000 1.500000 1.500000 0 0

48
7.636753
3
1.000000 1.000000 1.000000 0 0
0.500000 0.500000 2.000000 0 0
-1.000000 1.500000 1.500000 0 0

24
7.636753
3
1.000000 1.000000 1.000000 0 0
0.000000 0.500000 0.500000 0 0
-1.000000 1.500000 1.500000 0 0

48
7.636753
3
1.000000 1.000000 1.000000 0 0
0.500000 1.500000 2.000000 0 0
-1.000000 1.500000 1.500000 0 0

48
7.636753
3
1.000000 1.000000 1.000000 0 0
0.000000 -0.000000 1.000000 0 0
-1.000000 1.500000 1.500000 0 0

12
7.636753
3
1.000000 1.000000 1.000000 0 0
1.000000 2.000000 2.000000 0 0
-1.000000 1.500000 1.500000 0 0

48
7.636753
3
1.000000 1.000000 1.000000 0 0
0.500000 1.000000 2.500000 0 0
-1.000000 1.500000 1.500000 0 0

48
7.636753
3
1.000000 1.000000 1.000000 0 0
-0.000000 2.000000 0.000000 0 0
-1.000000 1.500000 1.500000 0 0

48
7.636753
3
1.000000 1.000000 1.000000 0 0
-0.500000 -0.000000 0.500000 0 0
-1.000000 1.500000 1.500000 0 0

2
2.545584
4
1.000000 1.000000 1.000000 0 0
1.500000 0.500000 1.000000 0 0
1.500000 1.000000 1.500000 0 0
1.000000 0.500000 1.500000 0 0

12
3.600000
4
1.000000 1.000000 1.000000 0 0
0.500000 1.000000 1.500000 0 0
0.500000 0.500000 1.000000 0 0
0.000000 1.000000 1.000000 0 0

3
3.600000
4
1.000000 1.000000 1.000000 0 0
0.500000 1.500000 1.000000 0 0
0.500000 0.500000 1.000000 0 0
0.000000 1.000000 1.000000 0 0

48
4.409082
4
1.000000 1.000000 1.000000 0 0
1.500000 1.000000 1.500000 0 0
1.000000 0.500000 1.500000 0 0
1.500000 0.000000 1.500000 0 0

24
4.409082
4
1.000000 1.000000 1.000000 0 0
0.500000 0.500000 1.000000 0 0
1.000000 0.500000 1.500000 0 0
1.500000 0.000000 1.500000 0 0

12
4.409082
4
1.000000 1.000000 1.000000 0 0
1.500000 0.500000 1.000000 0 0
1.000000 0.500000 1.500000 0 0
1.500000 0.000000 1.500000 0 0

48
4.409082
4
1.000000 1.000000 1.000000 0 0
1.000000 0.500000 0.500000 0 0
1.000000 0.500000 1.500000 0 0
1.500000 0.000000 1.500000 0 0

48
4.409082
4
1.000000 1.000000 1.000000 0 0
0.500000 0.500000 1.000000 0 0
1.500000 1.000000 1.500000 0 0
1.500000 0.000000 1.500000 0 0

8
4.409082
4
1.000000 1.000000 1.000000 0 0
1.000000 0.500000 0.500000 0 0
0.500000 0.500000 1.000000 0 0
1.500000 0.000000 1.500000 0 0

24
4.409082
4
1.000000 1.000000 1.000000 0 0
1.500000 1.000000 1.500000 0 0
2.000000 1.000000 1.000000 0 0
1.500000 0.000000 1.500000 0 0

24
4.409082
4
1.000000 1.000000 1.000000 0 0
1.500000 0.500000 1.000000 0 0
2.000000 1.000000 1.000000 0 0
1.500000 0.000000 1.500000 0 0

48
4.409082
4
1.000000 1.000000 1.000000 0 0
1.000000 0.500000 0.500000 0 0
2.000000 1.000000 1.000000 0 0
1.500000 0.000000 1.500000 0 0

6
4.409082
4
1.000000 1.000000 1.000000 0 0
1.500000 1.000000 1.500000 0 0
1.000000 -0.000000 1.000000 0 0
1.500000 0.000000 1.500000 0 0

12
4.409082
4
1.000000 1.000000 1.000000 0 0
1.000000 0.500000 0.500000 0 0
0.500000 -0.000000 1.500000 0 0
1.500000 0.000000 1.500000 0 0

6
4.409082
4
1.000000 1.000000 1.000000 0 0
1.000000 1.000000 2.000000 0 0
0.500000 -0.000000 1.500000 0 0
1.500000 0.000000 1.500000 0 0

8
4.409082
4
1.000000 1.000000 1.000000 0 0
1.000000 0.500000 1.500000 0 0
0.500000 0.500000 2.000000 0 0
1.500000 0.000000 1.500000 0 0

48
5.091169
4
1.000000 1.000000 1.000000 0 0
0.500000 0.500000 1.000000 0 0
1.000000 0.500000 1.500000 0 0
0.000000 -0.000000 1.000000 0 0

24
5.091169
4
1.000000 1.000000 1.000000 0 0
0.500000 1.000000 1.500000 0 0
1.000000 0.500000 1.500000 0 0
0.000000 -0.000000 1.000000 0 0

24
5.091169
4
1.000000 1.000000 1.000000 0 0
0.500000 1.000000 0.500000 0 0
1.000000 0.500000 1.500000 0 0
0.000000 -0.000000 1.000000 0 0

24
5.091169
4
1.000000 1.000000 1.000000 0 0
1.000000 0.500000 0.500000 0 0
1.000000 0.500000 1.500000 0 0
0.000000 -0.000000 1.000000 0 0

48
5.091169
4
1.000000 1.000000 1.000000 0 0
1.000000 0.500000 1.500000 0 0
0.000000 1.000000 1.000000 0 0
0.000000 -0.000000 1.000000 0 0

12
5.091169
4
1.000000 1.000000 1.000000 0 0
0.500000 0.500000 1.000000 0 0
0.000000 1.000000 1.000000 0 0
0.000000 -0.000000 1.000000 0 0

48
5.091169
4
1.000000 1.000000 1.000000 0 0
0.500000 1.000000 1.500000 0 0
0.000000 1.000000 1.000000 0 0
0.000000 -0.000000 1.000000 0 0

3
5.091169
4
1.000000 1.000000 1.000000 0 0
1.000000 -0.000000 1.000000 0 0
0.000000 1.000000 1.000000 0 0
0.000000 -0.000000 1.000000 0 0

24
5.091169
4
1.000000 1.000000 1.000000 0 0
1.000000 0.500000 1.500000 0 0
0.000000 0.500000 1.500000 0 0
0.000000 -0.000000 1.000000 0 0

24
5.091169
4
1.000000 1.000000 1.000000 0 0
0.500000 1.000000 1.500000 0 0
0.000000 0.500000 1.500000 0 0
0.000000 -0.000000 1.000000 0 0

24
5.091169
4
1.000000 1.000000 1.000000 0 0
0.500000 1.000000 0.500000 0 0
0.000000 0.500000 1.500000 0 0
0.000000 -0.000000 1.000000 0 0

12
5.091169
4
1.000000 1.000000 1.000000 0 0
1.000000 0.500000 0.500000 0 0
0.000000 0.500000 1.500000 0 0
0.000000 -0.000000 1.000000 0 0

48
5.091169
4
1.000000 1.000000 1.000000 0 0
0.500000 0.500000 2.000000 0 0
0.000000 0.500000 1.500000 0 0
0.000000 -0.000000 1.000000 0 0

12
5.091169
4
1.000000 1.000000 1.000000 0 0
0.500000 0.500000 1.000000 0 0
0.500000 0.500000 2.000000 0 0
0.000000 -0.000000 1.000000 0 0

24
5.091169
4
1.000000 1.000000 1.000000 0 0
0.000000 1.000000 1.000000 0 0
0.500000 0.500000 2.000000 0 0
0.000000 -0.000000 1.000000 0 0

24
5.091169
4
1.000000 1.000000 1.000000 0 0
1.000000 0.500000 1.500000 0 0
0.000000 1.000000 2.000000 0 0
0.000000 -0.000000 1.000000 0 0

24
5.091169
4
1.000000 1.000000 1.000000 0 0
0.500000 0.500000 1.000000 0 0
0.000000 1.000000 2.000000 0 0
0.000000 -0.000000 1.000000 0 0

8
5.091169
4
1.000000 1.000000 1.000000 0 0
0.000000 1.000000 1.000000 0 0
0.000000 1.000000 2.000000 0 0
0.000000 -0.000000 1.000000 0 0

2
5.091169
4
1.000000 1.000000 1.000000 0 0
1.000000 -0.000000 2.000000 0 0
0.000000 1.000000 2.000000 0 0
0.000000 -0.000000 1.000000 0 0

6
3.600000
5
1.000000 1.000000 1.000000 0 0
0.500000 1.500000 1.000000 0 0
0.500000 1.000000 1.500000 0 0
0.500000 0.500000 1.000000 0 0
0.000000 1.000000 1.000000 0 0

1
3.600000
6
1.000000 1.000000 1.000000 0 0
0.500000 1.000000 0.500000 0 0
0.500000 1.500000 1.000000 0 0
0.500000 1.000000 1.500000 0 0
0.500000 0.500000 1.000000 0 0
0.000000 1.000000 1.000000 0 0

24
4.409082
7
1.000000 1.000000 1.000000 0 0
1.000000 0.500000 0.500000 0 0
1.500000 0.500000 1.000000 0 0
0.500000 0.500000 1.000000 0 0
1.500000 1.000000 1.500000 0 0
1.000000 0.500000 1.500000 0 0
1.500000 0.000000 1.500000 0 0

