-0.041656
0.029216
0.024387
-0.022402
-0.003937
0.008253
-0.005685
-0.003148
-0.000392
-0.005679
-0.000081
-0.001173
-0.000123
0.000655
-0.000301
0.000039
-0.000253
0.000131
0.000867
-0.000170
-0.000338
-0.000317
-0.001116
0.000622
0.000165
0.000511
-0.005011
-0.000946
-0.000269
-0.000245
0.000030
0.000221
0.001086
-0.000168
-0.002409
0.000587
0.001346
-0.001097
-0.000035
0.000002
-0.000000
0.000148
-0.000354
0.000015
0.000046
0.000104
0.000217
0.000066
0.000037
-0.000034
0.000043
0.000021
0.000008
0.000077
0.000008
0.000048
0.000049
0.000004
0.000052
0.000046
0.000047
0.000037
0.000031
0.000015
0.000029
0.000012
0.000009
0.000009
0.000005
-0.000022
-0.002270
0.000139
0.000001
-0.000062
0.000037
0.000003
-0.000002
0.000001
-0.000031
0.000028
0.000000
0.000001
0.000003
0.000010
-0.000000
0.000008
-0.000003
-0.000001
-0.000035
0.000007
-0.000002
0.000078
-0.000009
0.000002
0.000008
-0.000013
0.000019
0.000001
-0.000015
0.000001
0.000002
0.000004
0.002824
0.000489
0.002513
0.000038
0.000157
0.000509
0.000084
0.000041
0.000932
0.000124
0.000040
-0.000048
-0.000435
0.000080
0.000648
0.000276
0.000079
0.000047
0.000123
0.000160
-0.000004
-0.000047
0.000007
-0.001335
0.000072
0.000097
0.000108
0.000163
-0.000006
0.000020
-0.000011
0.000003
0.000072
0.000060
0.000320
-0.000033
0.000044
-0.000000
