1.000000 0.000000 0.000001 0.000001 0.000000 1.000000 0
0.000000 1.000000 0.000019 0.000019 0.000000 1.000000 1
0.500000 0.500000 0.097404 0.097403 0.000000 1.000000 2
0.500000 0.500000 -0.063975 -0.063975 0.000000 1.000000 3
0.666667 0.333333 0.085921 0.085921 0.000000 1.000000 4
0.666667 0.333333 -0.165135 -0.165135 0.000000 1.000000 6
0.666667 0.333333 -0.066771 -0.066771 0.000000 1.000000 8
0.750000 0.250000 0.091075 0.091075 0.000000 1.000000 10
0.500000 0.500000 0.117387 0.117387 0.000000 1.000000 11
0.500000 0.500000 -0.048091 -0.048091 0.000000 1.000000 14
0.750000 0.250000 -0.144364 -0.144365 0.000000 1.000000 18
0.750000 0.250000 -0.079814 -0.079814 0.000000 1.000000 21
0.750000 0.250000 -0.030803 -0.030803 0.000000 1.000000 24
0.800000 0.200000 -0.060762 -0.060762 0.000000 1.000000 35
0.800000 0.200000 -0.157994 -0.157994 0.000000 1.000000 41
0.833333 0.166667 -0.010649 -0.010649 0.000000 1.000000 129
0.833333 0.166667 -0.016573 -0.016573 0.000000 1.000000 57
0.833333 0.166667 -0.022061 -0.022061 0.000000 1.000000 65
0.833333 0.166667 -0.122865 -0.122866 0.000000 1.000000 81
0.833333 0.166667 -0.032544 -0.032544 0.000000 1.000000 89
0.833333 0.166667 -0.091929 -0.091929 0.000000 1.000000 97
0.857143 0.142857 -0.097730 -0.097730 0.000000 1.000000 137
0.857143 0.142857 -0.032154 -0.032154 0.000000 1.000000 161
0.857143 0.142857 -0.036719 -0.036719 0.000000 1.000000 193
0.857143 0.142857 -0.011080 -0.011080 0.000000 1.000000 209
0.857143 0.142857 -0.034847 -0.034847 0.000000 1.000000 225
0.750000 0.250000 0.006746 0.006746 0.000000 1.000000 585
0.750000 0.250000 -0.010785 -0.010785 0.000000 1.000000 609
