3.600000 0.000000 0.000000
0.000000 3.600000 0.000000
0.000000 0.000000 3.600000
-0.500000 0.500000 -1.000000
-1.000000 -0.500000 -0.500000
0.500000 0.500000 1.000000
-1.000000 0.500000 -0.500000 W
-0.500000 0.500000 0.000000 Ni
-0.000000 0.500000 0.500000 Ni
end

3.600000 0.000000 0.000000
0.000000 3.600000 0.000000
0.000000 0.000000 3.600000
0.500000 -1.000000 0.500000
-0.500000 1.000000 0.500000
-1.000000 -0.500000 -0.500000
-0.500000 -0.500000 0.000000 W
-0.500000 -0.000000 0.500000 Ni
0.000000 -0.500000 0.500000 Ni
-1.000000 -0.500000 0.500000 Ni
-1.000000 0.000000 0.000000 Ni
end

3.600000 0.000000 0.000000
0.000000 3.600000 0.000000
0.000000 0.000000 3.600000
0.500000 -0.000000 0.500000
0.500000 0.500000 0.000000
0.000000 0.500000 0.500000
1.000000 1.000000 1.000000 Ni
end

